// Jest Snapshot v1, https://goo.gl/fbAQLP

exports[`captures a snapshot of the ChildrenList component 1`] = `
<Fragment>
  <div
    className="search-bar"
  >
    <SearchBar
      onChange={[Function]}
    />
  </div>
  <ul
    className="children-list"
  />
</Fragment>
`;
