// Jest Snapshot v1, https://goo.gl/fbAQLP

exports[`creates a snapshot of the Home component 1`] = `
<Fragment>
  <ImageSlider />
  <Buttons />
</Fragment>
`;
