// Jest Snapshot v1, https://goo.gl/fbAQLP

exports[`shows snapshot of ChildCard component 1`] = `
<Route>
  <Component />
</Route>
`;
