// Jest Snapshot v1, https://goo.gl/fbAQLP

exports[`provide a snapshot of the CreateForm component 1`] = `
<div
  className="create-form animated flipInY"
>
  <form
    onSubmit={[Function]}
  >
    <label
      htmlFor="name"
    >
      Name
    </label>
    <input
      id="name"
      name="name"
      onChange={[Function]}
      type="text"
      value=""
    />
    <br />
    <br />
    <label
      htmlFor="profile image"
    >
      Profile Image
    </label>
    <input
      id="profile image"
      name="image"
      onChange={[Function]}
      type="text"
      value=""
    />
    <br />
    <br />
    <label
      htmlFor="age"
    >
      Age
    </label>
    <input
      id="age"
      name="age"
      onChange={[Function]}
      type="text"
      value=""
    />
    <br />
    <br />
    <label
      htmlFor="address"
    >
      Address
    </label>
    <input
      id="address"
      name="address"
      onChange={[Function]}
      type="text"
      value=""
    />
    <br />
    <br />
    <label
      htmlFor="allergies"
    >
      Allergies
    </label>
    <input
      id="allergies"
      name="allergies"
      onChange={[Function]}
      type="text"
      value=""
    />
    <br />
    <br />
    <label
      htmlFor="balance"
    >
      Balance
    </label>
    <input
      id="balance"
      name="balance"
      onChange={[Function]}
      type="text"
      value=""
    />
    <br />
    <br />
    <label>
      Parent
    </label>
    <withRouter(Connect(ParentSelect))
      handleSelectChange={[Function]}
      name="parent_id"
      value={1}
    />
    <br />
    <br />
    <input
      multiple={true}
      name="forms"
      onChange={[Function]}
      type="file"
    />
    <br />
    <br />
    <button>
      Create Child
    </button>
    <CancelButton />
  </form>
</div>
`;
